{"level":30,"time":1783575663335,"pid":1301,"hostname":"IbnAbubakri","email":"demo@billxpress.com","msg":"Seeded demo user"}
{"level":30,"time":1783575663336,"pid":1301,"hostname":"IbnAbubakri","email":"admin@billxpress.com","msg":"Seeded admin user"}
{"level":30,"time":1783575663336,"pid":1301,"hostname":"IbnAbubakri","msg":"Server running on http://localhost:4000 [development]"}
{"level":30,"time":1783575672117,"pid":1316,"hostname":"IbnAbubakri","msg":"Server running on http://localhost:4000 [development]"}
{"level":30,"time":1783575674213,"pid":1316,"hostname":"IbnAbubakri","userId":"e3cff3ea-ba61-44c4-9ee4-3881e9bd8c5d","action":"LOGIN","details":{"email":"demo@billxpress.com"},"ip":"::1","msg":"[AUDIT] LOGIN"}
{"level":30,"time":1783575674213,"pid":1316,"hostname":"IbnAbubakri","userId":"e3cff3ea-ba61-44c4-9ee4-3881e9bd8c5d","msg":"User authenticated"}
{"level":30,"time":1783575674225,"pid":1316,"hostname":"IbnAbubakri","userId":"e3cff3ea-ba61-44c4-9ee4-3881e9bd8c5d","msg":"Login successful"}
{"level":30,"time":1783575704096,"pid":1359,"hostname":"IbnAbubakri","msg":"Server running on http://localhost:4000 [development]"}
{"level":30,"time":1783576083981,"pid":1917,"hostname":"IbnAbubakri","email":"demo@billxpress.com","msg":"Seeded demo user"}
{"level":30,"time":1783576083981,"pid":1917,"hostname":"IbnAbubakri","email":"admin@billxpress.com","msg":"Seeded admin user"}
{"level":30,"time":1783576083981,"pid":1917,"hostname":"IbnAbubakri","msg":"Server running on http://localhost:4000 [development]"}
{"level":30,"time":1783576294388,"pid":1917,"hostname":"IbnAbubakri","userId":"e9f12087-ea26-411c-ba65-bdcbe0e22129","action":"LOGIN","details":{"email":"demo@billxpress.com"},"ip":"::ffff:127.0.0.1","msg":"[AUDIT] LOGIN"}
{"level":30,"time":1783576294388,"pid":1917,"hostname":"IbnAbubakri","userId":"e9f12087-ea26-411c-ba65-bdcbe0e22129","msg":"User authenticated"}
{"level":30,"time":1783576294394,"pid":1917,"hostname":"IbnAbubakri","userId":"e9f12087-ea26-411c-ba65-bdcbe0e22129","msg":"Login successful"}
{"level":30,"time":1783577530073,"pid":2198,"hostname":"IbnAbubakri","email":"demo@billxpress.com","msg":"Seeded demo user"}
{"level":30,"time":1783577530073,"pid":2198,"hostname":"IbnAbubakri","email":"admin@billxpress.com","msg":"Seeded admin user"}
{"level":30,"time":1783577530074,"pid":2198,"hostname":"IbnAbubakri","msg":"Server running on http://localhost:4000 [development]"}
{"level":30,"time":1783577552769,"pid":2251,"hostname":"IbnAbubakri","msg":"Server running on http://localhost:4000 [development]"}
{"level":30,"time":1783577581501,"pid":2282,"hostname":"IbnAbubakri","msg":"Server running on http://localhost:4000 [development]"}
{"level":30,"time":1783577600633,"pid":2282,"hostname":"IbnAbubakri","userId":"785afb5b-0947-4444-b0f4-510439605805","action":"LOGIN","details":{"email":"demo@billxpress.com"},"ip":"::1","msg":"[AUDIT] LOGIN"}
{"level":30,"time":1783577600633,"pid":2282,"hostname":"IbnAbubakri","userId":"785afb5b-0947-4444-b0f4-510439605805","msg":"User authenticated"}
{"level":30,"time":1783577600650,"pid":2282,"hostname":"IbnAbubakri","userId":"785afb5b-0947-4444-b0f4-510439605805","msg":"Login successful"}
{"level":30,"time":1783577607453,"pid":2282,"hostname":"IbnAbubakri","userId":"785afb5b-0947-4444-b0f4-510439605805","action":"PROFILE_UPDATED","details":{},"ip":"::1","msg":"[AUDIT] PROFILE_UPDATED"}
{"level":30,"time":1783577607453,"pid":2282,"hostname":"IbnAbubakri","userId":"785afb5b-0947-4444-b0f4-510439605805","msg":"User profile updated"}
{"level":30,"time":1783578294380,"pid":2282,"hostname":"IbnAbubakri","userId":"785afb5b-0947-4444-b0f4-510439605805","action":"LOGIN","details":{"email":"demo@billxpress.com"},"ip":"::ffff:127.0.0.1","msg":"[AUDIT] LOGIN"}
{"level":30,"time":1783578294380,"pid":2282,"hostname":"IbnAbubakri","userId":"785afb5b-0947-4444-b0f4-510439605805","msg":"User authenticated"}
{"level":30,"time":1783578294396,"pid":2282,"hostname":"IbnAbubakri","userId":"785afb5b-0947-4444-b0f4-510439605805","msg":"Login successful"}
{"level":30,"time":1783578347664,"pid":2282,"hostname":"IbnAbubakri","userId":"785afb5b-0947-4444-b0f4-510439605805","action":"LOGIN","details":{"email":"demo@billxpress.com"},"ip":"::ffff:127.0.0.1","msg":"[AUDIT] LOGIN"}
{"level":30,"time":1783578347665,"pid":2282,"hostname":"IbnAbubakri","userId":"785afb5b-0947-4444-b0f4-510439605805","msg":"User authenticated"}
{"level":30,"time":1783578347669,"pid":2282,"hostname":"IbnAbubakri","userId":"785afb5b-0947-4444-b0f4-510439605805","msg":"Login successful"}
{"level":30,"time":1783581088604,"pid":2282,"hostname":"IbnAbubakri","userId":"785afb5b-0947-4444-b0f4-510439605805","action":"LOGIN","details":{"email":"demo@billxpress.com"},"ip":"::ffff:127.0.0.1","msg":"[AUDIT] LOGIN"}
{"level":30,"time":1783581088604,"pid":2282,"hostname":"IbnAbubakri","userId":"785afb5b-0947-4444-b0f4-510439605805","msg":"User authenticated"}
{"level":30,"time":1783581088616,"pid":2282,"hostname":"IbnAbubakri","userId":"785afb5b-0947-4444-b0f4-510439605805","msg":"Login successful"}
{"level":30,"time":1783582217017,"pid":2282,"hostname":"IbnAbubakri","userId":"785afb5b-0947-4444-b0f4-510439605805","action":"LOGIN","details":{"email":"demo@billxpress.com"},"ip":"::ffff:127.0.0.1","msg":"[AUDIT] LOGIN"}
{"level":30,"time":1783582217017,"pid":2282,"hostname":"IbnAbubakri","userId":"785afb5b-0947-4444-b0f4-510439605805","msg":"User authenticated"}
{"level":30,"time":1783582217019,"pid":2282,"hostname":"IbnAbubakri","userId":"785afb5b-0947-4444-b0f4-510439605805","msg":"Login successful"}
{"level":30,"time":1783661454039,"pid":2764,"hostname":"IbnAbubakri","path":"/home/faaruq/FintechApp/server/data/billxpress.db","msg":"Database initialized"}
{"level":30,"time":1783661454050,"pid":2764,"hostname":"IbnAbubakri","count":2,"msg":"Migrated users from JSON"}
{"level":30,"time":1783661454051,"pid":2764,"hostname":"IbnAbubakri","count":1,"msg":"Migrated refresh tokens from JSON"}
{"level":30,"time":1783661468929,"pid":2780,"hostname":"IbnAbubakri","path":"/home/faaruq/FintechApp/server/data/billxpress.db","msg":"Database initialized"}
{"level":30,"time":1783661468932,"pid":2780,"hostname":"IbnAbubakri","count":2,"msg":"Migrated users from JSON"}
{"level":30,"time":1783661468933,"pid":2780,"hostname":"IbnAbubakri","total":1,"migrated":1,"msg":"Migrated refresh tokens from JSON"}
{"level":30,"time":1783661468933,"pid":2780,"hostname":"IbnAbubakri","total":2,"migrated":1,"msg":"Migrated sessions from JSON"}
{"level":30,"time":1783661468934,"pid":2780,"hostname":"IbnAbubakri","count":7,"msg":"Migrated audit logs from JSON"}
{"level":30,"time":1783661468935,"pid":2780,"hostname":"IbnAbubakri","msg":"Migration complete"}
{"level":30,"time":1783661468942,"pid":2780,"hostname":"IbnAbubakri","msg":"Server running on http://localhost:4000 [development]"}
{"level":30,"time":1783661481243,"pid":2793,"hostname":"IbnAbubakri","path":"/home/faaruq/FintechApp/server/data/billxpress.db","msg":"Database initialized"}
{"level":30,"time":1783661481254,"pid":2793,"hostname":"IbnAbubakri","msg":"Database already has data, skipping migration"}
{"level":30,"time":1783661481260,"pid":2793,"hostname":"IbnAbubakri","msg":"Server running on http://localhost:4000 [development]"}
{"level":30,"time":1783661503634,"pid":2819,"hostname":"IbnAbubakri","path":"/home/faaruq/FintechApp/server/data/billxpress.db","msg":"Database initialized"}
{"level":30,"time":1783661503635,"pid":2819,"hostname":"IbnAbubakri","msg":"Database already has data, skipping migration"}
{"level":30,"time":1783661503641,"pid":2819,"hostname":"IbnAbubakri","msg":"Server running on http://localhost:4000 [development]"}
{"level":30,"time":1783661511406,"pid":2855,"hostname":"IbnAbubakri","path":"/home/faaruq/FintechApp/server/data/billxpress.db","msg":"Database initialized"}
{"level":30,"time":1783661511408,"pid":2855,"hostname":"IbnAbubakri","msg":"Database already has data, skipping migration"}
{"level":30,"time":1783661511415,"pid":2855,"hostname":"IbnAbubakri","msg":"Server running on http://localhost:4000 [development]"}
{"level":30,"time":1783661842023,"pid":3138,"hostname":"IbnAbubakri","path":"/home/faaruq/FintechApp/server/data/billxpress.db","msg":"Database initialized"}
{"level":30,"time":1783661842024,"pid":3138,"hostname":"IbnAbubakri","msg":"Database already has data, skipping migration"}
{"level":30,"time":1783661842040,"pid":3138,"hostname":"IbnAbubakri","msg":"Server running on http://localhost:4000 [development]"}
